2026-09-24 17:51:43,476 [INFO] __main__: Skipping download phase
2026-09-24 17:51:43,476 [INFO] __main__: === Phase 2: Ingesting corpus ===
2026-09-24 17:51:43,479 [INFO] researchpilot.ingest: Ingesting paper: P01 (MobileNets: Efficient Convolutional Neural Networks for Mobile Vision Applications)
2026-09-24 17:51:43,821 [INFO] researchpilot.ingest: Extracted 98 text blocks from P01 (9 pages)
2026-09-24 17:51:45,663 [INFO] researchpilot.ingest: Extracted 0 tables from P01 (9 pages)
2026-09-24 17:51:45,715 [INFO] researchpilot.ingest: Extracted 9 figures from P01 (9 pages)
2026-09-24 17:51:45,834 [INFO] researchpilot.ingest: Extracted 20 captions from P01 (9 pages)
2026-09-24 17:51:45,834 [INFO] researchpilot.ingest: Ingested P01: 127 evidence items (98 text, 0 tables, 9 figures), 9 errors, 2355ms
2026-09-24 17:51:45,834 [INFO] researchpilot.ingest: Ingesting paper: P02 (EfficientNet: Rethinking Model Scaling for Convolutional Neural Networks)
2026-09-24 17:51:46,102 [INFO] researchpilot.ingest: Extracted 247 text blocks from P02 (11 pages)
2026-09-24 17:51:48,178 [INFO] researchpilot.ingest: Extracted 2 tables from P02 (11 pages)
2026-09-24 17:51:48,228 [INFO] researchpilot.ingest: Extracted 12 figures from P02 (11 pages)
2026-09-24 17:51:48,333 [INFO] researchpilot.ingest: Extracted 16 captions from P02 (11 pages)
2026-09-24 17:51:48,333 [INFO] researchpilot.ingest: Ingested P02: 277 evidence items (247 text, 2 tables, 12 figures), 2 errors, 2498ms
2026-09-24 17:51:48,333 [INFO] researchpilot.ingest: Ingesting paper: P03 (An Image is Worth 16x16 Words: Transformers for Image Recognition at Scale)
2026-09-24 17:51:48,691 [INFO] researchpilot.ingest: Extracted 341 text blocks from P03 (22 pages)
2026-09-24 17:51:53,908 [INFO] researchpilot.ingest: Extracted 0 tables from P03 (22 pages)
2026-09-24 17:51:54,209 [INFO] researchpilot.ingest: Extracted 58 figures from P03 (22 pages)
2026-09-24 17:51:54,398 [INFO] researchpilot.ingest: Extracted 23 captions from P03 (22 pages)
2026-09-24 17:51:54,399 [INFO] researchpilot.ingest: Ingested P03: 422 evidence items (341 text, 0 tables, 58 figures), 10 errors, 6066ms
2026-09-24 17:51:54,399 [INFO] researchpilot.ingest: Ingesting paper: P04 (EfficientViT: Multi-Scale Linear Attention for High-Resolution Dense Prediction)
2026-09-24 17:51:54,708 [INFO] researchpilot.ingest: Extracted 289 text blocks from P04 (12 pages)
2026-09-24 17:51:58,590 [INFO] researchpilot.ingest: Extracted 7 tables from P04 (12 pages)
2026-09-24 17:51:59,195 [INFO] researchpilot.ingest: Extracted 19 figures from P04 (12 pages)
2026-09-24 17:51:59,340 [INFO] researchpilot.ingest: Extracted 14 captions from P04 (12 pages)
2026-09-24 17:51:59,340 [INFO] researchpilot.ingest: Ingested P04: 329 evidence items (289 text, 7 tables, 19 figures), 23 errors, 4941ms
2026-09-24 17:51:59,340 [INFO] researchpilot.ingest: Ingesting paper: N01 (Deep Residual Learning for Image Recognition)
2026-09-24 17:51:59,624 [INFO] researchpilot.ingest: Extracted 259 text blocks from N01 (12 pages)
2026-09-24 17:52:01,562 [INFO] researchpilot.ingest: Extracted 8 tables from N01 (12 pages)
2026-09-24 17:52:01,566 [INFO] researchpilot.ingest: Extracted 0 figures from N01 (12 pages)
2026-09-24 17:52:01,682 [INFO] researchpilot.ingest: Extracted 21 captions from N01 (12 pages)
2026-09-24 17:52:01,682 [INFO] researchpilot.ingest: Ingested N01: 288 evidence items (259 text, 8 tables, 0 figures), 10 errors, 2343ms
2026-09-24 17:52:01,682 [INFO] researchpilot.ingest: Ingesting paper: N02 (Attention Is All You Need)
2026-09-24 17:52:01,939 [INFO] researchpilot.ingest: Extracted 190 text blocks from N02 (15 pages)
2026-09-24 17:52:05,131 [INFO] researchpilot.ingest: Extracted 1 tables from N02 (15 pages)
2026-09-24 17:52:05,403 [INFO] researchpilot.ingest: Extracted 3 figures from N02 (15 pages)
2026-09-24 17:52:05,543 [INFO] researchpilot.ingest: Extracted 9 captions from N02 (15 pages)
2026-09-24 17:52:05,543 [INFO] researchpilot.ingest: Ingested N02: 203 evidence items (190 text, 1 tables, 3 figures), 7 errors, 3861ms
2026-09-24 17:52:05,564 [INFO] researchpilot.ingest: Corpus ingestion complete: 6 papers, 1646 total evidence items
2026-09-24 17:52:05,564 [INFO] __main__: Ingestion complete: 6 papers, 1646 evidence items
2026-09-24 17:52:05,564 [INFO] __main__: === Phase 3: Building index ===
2026-09-24 17:52:05,721 [INFO] researchpilot.index: Chunked 1646 evidence items into 814 chunks
2026-09-24 17:52:05,942 [INFO] researchpilot.index: Deduplication removed 1/814 chunks
2026-09-24 17:52:05,948 [INFO] faiss.loader: Loading faiss.
2026-09-24 17:52:05,991 [INFO] faiss.loader: Successfully loaded faiss.
2026-09-24 17:52:05,997 [INFO] researchpilot.index: Embedding 813 evidence chunks...
2026-09-24 17:52:06,069 [INFO] researchpilot.index: Built FAISS index: 813 vectors, dim=4096, 72ms
2026-09-24 17:52:06,221 [INFO] researchpilot.index: Index saved to artifacts/new-paper-check/index
2026-09-24 17:52:06,233 [INFO] __main__: Index built: 813 vectors
2026-09-24 17:52:06,233 [INFO] __main__: === Corpus build complete ===
2026-09-24 17:52:06,233 [INFO] __main__: Corpus: artifacts/new-paper-check/corpus/
2026-09-24 17:52:06,233 [INFO] __main__: Index:  artifacts/new-paper-check/index/
